sanity
first
yes
second
